---
source: tests/mode_indication.rs
expression: "format!(\"COMMAND MODE\\n{}\\nPANE INPUT\\n{}\", buffer_to_styled_text(&command),\nbuffer_to_styled_text(&typing))"
---
COMMAND MODE
[Style::new().fg(Color::Reset).bg(Color::Reset).underline_color(Color::Reset).bold()]"┏ ▸ 1 ━━━━━━━━━━━━━━━━━━━━━━━━━━━━━━━━━━━━━━━━━━━━━━━━━━━━━━━━━━━━━━" [Style::new().green().bg(Color::Reset).underline_color(Color::Reset).bold()]" ● Working " [Style::new().fg(Color::Reset).bg(Color::Reset).underline_color(Color::Reset).bold()]"┓"
[Style::new().fg(Color::Reset).bg(Color::Reset).underline_color(Color::Reset).bold()]"┃" [Style::new().fg(Color::Indexed(130)).bg(Color::Reset).underline_color(Color::Reset)]"mode-card" [Style::new().fg(Color::Reset).bg(Color::Reset).underline_color(Color::Reset)]"                                                                     " [Style::new().fg(Color::Reset).bg(Color::Reset).underline_color(Color::Reset).bold()]"┃"
[Style::new().fg(Color::Reset).bg(Color::Reset).underline_color(Color::Reset).bold()]"┃" [Style::new().fg(Color::Reset).bg(Color::Reset).underline_color(Color::Reset)]"Dir:  mode-card                                                               " [Style::new().fg(Color::Reset).bg(Color::Reset).underline_color(Color::Reset).bold()]"┃"
[Style::new().fg(Color::Reset).bg(Color::Reset).underline_color(Color::Reset).bold()]"┃" [Style::new().fg(Color::Reset).bg(Color::Reset).underline_color(Color::Reset)]"                                                                              " [Style::new().fg(Color::Reset).bg(Color::Reset).underline_color(Color::Reset).bold()]"┃"
[Style::new().fg(Color::Reset).bg(Color::Reset).underline_color(Color::Reset).bold()]"┃" [Style::new().fg(Color::Reset).bg(Color::Reset).underline_color(Color::Reset)]"                                                                              " [Style::new().fg(Color::Reset).bg(Color::Reset).underline_color(Color::Reset).bold()]"┃"
[Style::new().fg(Color::Reset).bg(Color::Reset).underline_color(Color::Reset).bold()]"┃" [Style::new().fg(Color::Reset).bg(Color::Reset).underline_color(Color::Reset)]"                                                                              " [Style::new().fg(Color::Reset).bg(Color::Reset).underline_color(Color::Reset).bold()]"┃"
[Style::new().fg(Color::Reset).bg(Color::Reset).underline_color(Color::Reset).bold()]"┃" [Style::new().fg(Color::Reset).bg(Color::Reset).underline_color(Color::Reset)]"                                                                              " [Style::new().fg(Color::Reset).bg(Color::Reset).underline_color(Color::Reset).bold()]"┃"
[Style::new().fg(Color::Reset).bg(Color::Reset).underline_color(Color::Reset).bold()]"┃" [Style::new().fg(Color::Reset).bg(Color::Reset).underline_color(Color::Reset)]"                                                                              " [Style::new().fg(Color::Reset).bg(Color::Reset).underline_color(Color::Reset).bold()]"┃"
[Style::new().fg(Color::Reset).bg(Color::Reset).underline_color(Color::Reset).bold()]"┗━━━━━━━━━━━━━━━━━━━━━━━━━━━━━━━━━━━━━━━━━━━━━━━━━━━━━━━━━━ Last: 0s  Tools: 0 ┛"

PANE INPUT
[Style::new().fg(Color::Reset).bg(Color::Reset).underline_color(Color::Reset)]"┏" [Style::new().fg(Color::Reset).bg(Color::Reset).underline_color(Color::Reset).bold()]" ▸ 1 " [Style::new().fg(Color::Reset).bg(Color::Reset).underline_color(Color::Reset)]"━━━━━━━━━━━━━━━━━━━━━━━━━━━━━━━━━━━━━━━━━━━━━━━━━━━━━━━━━━━━━━" [Style::new().green().bg(Color::Reset).underline_color(Color::Reset)]" ● Working " [Style::new().fg(Color::Reset).bg(Color::Reset).underline_color(Color::Reset)]"┓"
[Style::new().fg(Color::Reset).bg(Color::Reset).underline_color(Color::Reset)]"┃" [Style::new().fg(Color::Indexed(130)).bg(Color::Reset).underline_color(Color::Reset)]"mode-card" [Style::new().fg(Color::Reset).bg(Color::Reset).underline_color(Color::Reset)]"                                                                     ┃"
[Style::new().fg(Color::Reset).bg(Color::Reset).underline_color(Color::Reset)]"┃Dir:  mode-card                                                               ┃"
[Style::new().fg(Color::Reset).bg(Color::Reset).underline_color(Color::Reset)]"┃                                                                              ┃"
[Style::new().fg(Color::Reset).bg(Color::Reset).underline_color(Color::Reset)]"┃                                                                              ┃"
[Style::new().fg(Color::Reset).bg(Color::Reset).underline_color(Color::Reset)]"┃                                                                              ┃"
[Style::new().fg(Color::Reset).bg(Color::Reset).underline_color(Color::Reset)]"┃                                                                              ┃"
[Style::new().fg(Color::Reset).bg(Color::Reset).underline_color(Color::Reset)]"┃                                                                              ┃"
[Style::new().fg(Color::Reset).bg(Color::Reset).underline_color(Color::Reset)]"┗━━━━━━━━━━━━━━━━━━━━━━━━━━━━━━━━━━━━━━━━━━━━━━━━━━━━━━━━━━ Last: 0s  Tools: 0 ┛"
