---
source: tests/render_dashboard.rs
expression: flash_on
---
┌ 1 ─────────────────────────────────────────────────────────────────── ● Idle ┐
│example-coder                                                                 │
│Dir:  example-project                                                         │
│Prmt: first prompt                                                            │
│      second prompt                                                           │
│      third prompt                                                            │
│                                                                              │
│  Read — src/main.rs                                                          │
│  Edit — src/ui.rs                                                            │
│  Bash — cargo test                                                           │
└───────────────────────────────────────────────────────── Last: 1h  Tools: 12 ┘
