---
source: tests/render_dashboard.rs
expression: buffer_to_text(&buffer)
---
┌ 1 ──────────────────────────────────────────────────────────────── ● Working ┐
│example-alpha                                                                 │
│Dir:  alpha                                                                   │
│Prmt: do the thing                                                            │
│                                                                              │
│                                                                              │
│                                                                              │
│                                                                              │
└────────────────────────────────────────────────────────── Last: 0s  Tools: 3 ┘
┏ ▸ 2 ━━━━━━━━━━━━━━━━━━━━━━━━━━━━━━━━━━━━━━━━━━━━━━━━━━━━━━━━━━━━━━ ● Working ┓
┃example-beta                                                                  ┃
┃Dir:  beta                                                                    ┃
┃Prmt: do the thing                                                            ┃
┃                                                                              ┃
┃                                                                              ┃
┃                                                                              ┃
┃                                                                              ┃
┗━━━━━━━━━━━━━━━━━━━━━━━━━━━━━━━━━━━━━━━━━━━━━━━━━━━━━━━━━━ Last: 0s  Tools: 3 ┛
┌ 3 ──────────────────────────────────────────────────────────────── ● Working ┐
│example-gamma                                                                 │
│Dir:  gamma                                                                   │
│Prmt: do the thing                                                            │
│                                                                              │
│                                                                              │
│                                                                              │
│                                                                              │
└────────────────────────────────────────────────────────── Last: 0s  Tools: 3 ┘
