---
source: tests/render_dashboard.rs
expression: named_badges
---
== ClaudeCode / friendly-claude ==
[Blue/Reset]"┌" [Reset/Reset]" 1 friendly-claude " [Blue/Reset]"─────────────────────────────────────────────── ● Thinking ┐"
[Blue/Reset]"│" [Reset/Reset]"Dir:  workspace                                                               " [Blue/Reset]"│"
[Blue/Reset]"│" [Reset/Reset]"Prmt: inspect the repository                                                  " [Blue/Reset]"│"
[Blue/Reset]"│" [Blue/Reset]"│"
[Blue/Reset]"│" [Blue/Reset]"│"
[Blue/Reset]"│" [Blue/Reset]"│"
[Blue/Reset]"│" [Blue/Reset]"│"
[Blue/Reset]"└──────────────────────────────────────────────────────────" [Reset/Reset]" Last: 0s  Tools: 0 " [Blue/Reset]"┘"
== OpenCode / friendly-opencode ==
[Blue/Reset]"┌" [Reset/Reset]" 1 friendly-opencode " [Blue/Reset]"───────────────────────────────────────────── ● Thinking ┐"
[Blue/Reset]"│" [Reset/Reset]"Dir:  workspace                                                               " [Blue/Reset]"│"
[Blue/Reset]"│" [Reset/Reset]"Prmt: inspect the repository                                                  " [Blue/Reset]"│"
[Blue/Reset]"│" [Blue/Reset]"│"
[Blue/Reset]"│" [Blue/Reset]"│"
[Blue/Reset]"│" [Blue/Reset]"│"
[Blue/Reset]"│" [Blue/Reset]"│"
[Blue/Reset]"└──────────────────────────────────────────────────────────" [Reset/Reset]" Last: 0s  Tools: 0 " [Blue/Reset]"┘"
== Pi / friendly-pi ==
[Blue/Reset]"┌" [Reset/Reset]" 1 friendly-pi " [Blue/Reset]"─────────────────────────────────────────────────── ● Thinking ┐"
[Blue/Reset]"│" [Reset/Reset]"Dir:  workspace                                                               " [Blue/Reset]"│"
[Blue/Reset]"│" [Reset/Reset]"Prmt: inspect the repository                                                  " [Blue/Reset]"│"
[Blue/Reset]"│" [Blue/Reset]"│"
[Blue/Reset]"│" [Blue/Reset]"│"
[Blue/Reset]"│" [Blue/Reset]"│"
[Blue/Reset]"│" [Blue/Reset]"│"
[Blue/Reset]"└──────────────────────────────────────────────────────────" [Reset/Reset]" Last: 0s  Tools: 0 " [Blue/Reset]"┘"
== Codex / friendly-codex ==
[Blue/Reset]"┌" [Reset/Reset]" 1 friendly-codex " [Blue/Reset]"──────────────────────────────────────────────── ● Thinking ┐"
[Blue/Reset]"│" [Reset/Reset]"Dir:  workspace                                                               " [Blue/Reset]"│"
[Blue/Reset]"│" [Reset/Reset]"Prmt: inspect the repository                                                  " [Blue/Reset]"│"
[Blue/Reset]"│" [Blue/Reset]"│"
[Blue/Reset]"│" [Blue/Reset]"│"
[Blue/Reset]"│" [Blue/Reset]"│"
[Blue/Reset]"│" [Blue/Reset]"│"
[Blue/Reset]"└──────────────────────────────────────────────────────────" [Reset/Reset]" Last: 0s  Tools: 0 " [Blue/Reset]"┘"
