---
source: tests/render_dashboard.rs
expression: rendered
---
┌ 1 ─────────────────────────────────────────────────────────────── ● Thinking ┐
│api-svc                                                                       │
│Dir:  api-svc                                                                 │
│Prmt: move the stats into the border                                          │
│                                                                              │
│                                                                              │
│                                                                              │
│                                                                              │
└───────────────────────────────────────────────────────── Last: 1h  Tools: 14 ┘
