---
source: tests/render_help_overlay.rs
expression: buf
---
                                                                                                              
                                                                                                              
                                                                                                              
                                                                                                              
                                                                                                              
                                                                                                              
                                                                                                              
                                                                                                              
                                                                                                              
                                                                                                              
                                                                                                              
                                                                                                              
   ┌ help ───────────────────────────────────────────────────────────────────────────────────────────────┐    
   │  global (works from any pane)                       mode tab (in-tab navigation)                    │    
   │                                                                                                     │    
   │  ctrl+d             toggle command / pane           j / down           focus next pane              │    
   │  ctrl+n             create new pane                 k / up             focus previous pane          │    
   │  ctrl+t             toggle layout (stacked/tiled)   enter           enter paneinput on selected     │    
   │  ctrl+c             quit                            esc             deselect side pane              │    
   │                                                     mouse click     focus pane                      │    
   │  tab navigation                                     ctrl+click      open hyperlink                  │    
   │                                                     ctrl+d             return to normal mode        │    
   │  tab / right / l    next tab                                                                        │    
   │  shift+tab / left / h prev tab                      new agent form                                  │    
   │  ctrl+pgdn          next tab                                                                        │    
   │  ctrl+pgup          prev tab                        tab             switch field                    │    
   │                                                     ◀/▶             cycle mode                      │    
   │  dashboard (command mode)                           enter           next field / confirm            │    
   │                                                     esc             cancel                          │    
   │  j / down           select next card                                                                │    
   │  k / up             select previous card            directory picker                                │    
   │  1-9                jump to pane n                                                                  │    
   │  enter              focus selected pane             j / down        select next                     │    
   │  ctrl+w             close selected pane (confirms)  k / up          select previous                 │    
   │  ctrl+l             cycle sidebar split stage       l / right / enter   enter directory             │    
   │  ctrl+z             zoom focused pane               h / left / bksp     go up one level             │    
   │  ctrl+m / m         show / hide agent badges        space           confirm current directory       │    
   │  /                  filter sessions                 /               filter (case-insensitive)       │    
   │  esc                clear filter                    esc             clear filter (twice = close)    │    
   │  r                  rename session                  q               cancel                          │    
   │  g                  generate .dot-agent-deck.toml                                                   │    
   │  y / n              approve / deny permission       session                                         │    
   │  s                  scheduled tasks manager                                                         │    
   │  pageup / pagedown  scroll focused pane             panes auto-saved continuously.                  │    
   │  ?                  toggle this help                restored automatically on launch.               │    
   │  [close]                                                                                            │    
   │  press ? or esc to close                                                                            │    
   └─────────────────────────────────────────────────────────────────────────────────────────────────────┘    
