---
source: tests/render_dashboard.rs
expression: buffer_to_text(&buffer)
---
┌ 1 ──────────────────────────────────────────────────────────────── ● Working ┐
│example-coder                                                                 │
│Dir:  example-project                                                         │
│Prmt: fix the login bug                                                       │
│                                                                              │
│                                                                              │
│                                                                              │
│                                                                              │
└────────────────────────────────────────────────────────── Last: 0s  Tools: 7 ┘
