---
source: tests/render_dashboard.rs
expression: rendered
---
┌ 1 ───────────────────────────────── ● Thinking ┐
│api-svc                                         │
│Dir:  this-is-an-extremely-long-project-directo…│
│Prmt: move the stats into the border            │
│                                                │
│                                                │
│                                                │
│                                                │
└─────────────────────────── Last: 1h  Tools: 14 ┘
