---
source: tests/render_dashboard.rs
expression: rendered
---
 worker-deck — 7 session(s)  (↓5)                                                         
┏ ▸ 1 ━━━━━━━━━━━━━━━━━━━━━━━━━━━━━━ ● Idle ┓┌ 2 ──────────────────────────────── ● Idle ┐
┃orchestrator                               ┃│developer                                  │
┗━━━━━━━━━━━━━━━━━━━━━━━ Last: 0s  Tools: 0 ┛└─────────────────────── Last: 0s  Tools: 0 ┘
